21
0 2147483647
